// Jest Snapshot v1, https://goo.gl/fbAQLP

exports[`App if App is rendering Properly 1`] = `null`;
